{
  "candidate_sha": "c29dd79cac99e15371d8344868f62a8b1b670112",
  "configured_health_release_sha": "c29dd79cac99e15371d8344868f62a8b1b670112",
  "working_tree_dirty": false,
  "build_id": "pGYd2uQPInYfXbqbzpPW8",
  "runtime_package": {
    "format": "media-factory-runtime.v1",
    "files": 1481,
    "manifest_sha256": "d193fa7eeec0eba78ee167d8ac1fd40435df655dfa6b2a429735216f8c40900d",
    "build_id": "pGYd2uQPInYfXbqbzpPW8",
    "forbidden_entries": 0,
    "external_symlinks": 0
  },
  "production_source_sha256": "60e28c910e225b51712898f59d88fbb916960fb506a0c010498be3a55d9773ac",
  "test_only": true,
  "temporary_storage": true,
  "elapsed_ms": 10541,
  "result": {
    "status": "PASS",
    "checks": [
      "Admin saves a synthetic credential with redacted readback and truthful unimplemented adapter status",
      "Zero selected sources prevents progression and points at material before a server error",
      "Guided plan auto-saves the draft while keeping production gated behind explicit approval",
      "Authorized fictional character and place profiles save as reusable referenced records",
      "Character/place snapshots follow the actual launched Graph job and the compact review summary keeps the authorized character visible.",
      "Unsupported mascot composition is explicitly blocked without a fake video or progress",
      "Mobile guidance remains usable without horizontal overflow"
    ]
  },
  "evidence_directory": "/tmp/media-factory-ease-e2e-X2bchf"
}
