TAP version 13
# Subtest: running production lands in a truthful celebratory creation room
ok 1 - running production lands in a truthful celebratory creation room
  ---
  duration_ms: 3.136917
  type: 'test'
  ...
# Subtest: desktop top utility row cannot overlap creative content
ok 2 - desktop top utility row cannot overlap creative content
  ---
  duration_ms: 1.243958
  type: 'test'
  ...
# Subtest: source upload uses a glowing file card while preserving the native file input contract
ok 3 - source upload uses a glowing file card while preserving the native file input contract
  ---
  duration_ms: 0.802666
  type: 'test'
  ...
# Subtest: free creation uses the warm prompt bar and liquid-metal creation actions
ok 4 - free creation uses the warm prompt bar and liquid-metal creation actions
  ---
  duration_ms: 2.093917
  type: 'test'
  ...
# Subtest: review summary protects long resource chips from collisions
ok 5 - review summary protects long resource chips from collisions
  ---
  duration_ms: 0.95025
  type: 'test'
  ...
# Subtest: action feedback remains visible when a requested change immediately re-enters Creation Room
ok 6 - action feedback remains visible when a requested change immediately re-enters Creation Room
  ---
  duration_ms: 0.617667
  type: 'test'
  ...
# Subtest: private onboarding and brand start routes are recognized without becoming public
ok 7 - private onboarding and brand start routes are recognized without becoming public
  ---
  duration_ms: 0.415083
  type: 'test'
  ...
# Subtest: studio exposes guide, brand summary, and role-aware brand administration
ok 8 - studio exposes guide, brand summary, and role-aware brand administration
  ---
  duration_ms: 3.707333
  type: 'test'
  ...
# Subtest: login enters first-run guide only when server says onboarding is new
ok 9 - login enters first-run guide only when server says onboarding is new
  ---
  duration_ms: 0.612
  type: 'test'
  ...
# Subtest: V8 guidance stays compact, responsive, and uses human brand vocabulary
ok 10 - V8 guidance stays compact, responsive, and uses human brand vocabulary
  ---
  duration_ms: 1.982917
  type: 'test'
  ...
# Subtest: first-run completion persists per authenticated user and cannot target another user
ok 11 - first-run completion persists per authenticated user and cannot target another user
  ---
  duration_ms: 98.72375
  type: 'test'
  ...
# Subtest: onboarding tenant summary exposes only membership-bound safe brand facts
ok 12 - onboarding tenant summary exposes only membership-bound safe brand facts
  ---
  duration_ms: 101.643875
  type: 'test'
  ...
# Subtest: dismissed guide persists without changing tenant authority or membership
ok 13 - dismissed guide persists without changing tenant authority or membership
  ---
  duration_ms: 87.293917
  type: 'test'
  ...
# Subtest: repository upgrades older state documents with user_onboarding lazily
ok 14 - repository upgrades older state documents with user_onboarding lazily
  ---
  duration_ms: 84.031584
  type: 'test'
  ...
# Subtest: onboarding HTTP remains authenticated and CSRF-protected
ok 15 - onboarding HTTP remains authenticated and CSRF-protected
  ---
  duration_ms: 95.541541
  type: 'test'
  ...
# Subtest: legacy active users are recognized as returning instead of being force-onboarded
ok 16 - legacy active users are recognized as returning instead of being force-onboarded
  ---
  duration_ms: 89.478625
  type: 'test'
  ...
1..16
# tests 16
# suites 0
# pass 16
# fail 0
# cancelled 0
# skipped 0
# todo 0
# duration_ms 745.120542
