{
  "candidate_sha": "c29dd79cac99e15371d8344868f62a8b1b670112",
  "working_tree_dirty": false,
  "production_source_sha256": "60e28c910e225b51712898f59d88fbb916960fb506a0c010498be3a55d9773ac",
  "build_id": "pGYd2uQPInYfXbqbzpPW8",
  "runtime_package": {
    "format": "media-factory-runtime.v1",
    "files": 1481,
    "manifest_sha256": "d193fa7eeec0eba78ee167d8ac1fd40435df655dfa6b2a429735216f8c40900d",
    "build_id": "pGYd2uQPInYfXbqbzpPW8",
    "forbidden_entries": 0,
    "external_symlinks": 0
  },
  "test_mode": false,
  "deployment_class": "controlled_single_operator_preview",
  "source_fixture_sha256": "c1504301d3615a1a577a7fe0406ec6509de2bbe0adb05f6271211f46a0126000",
  "elapsed_ms": 5887,
  "result": {
    "status": "PASS",
    "job_id": "mf_e4063079efe6c3bb21cabee9ea388717",
    "source_sha256": "c1504301d3615a1a577a7fe0406ec6509de2bbe0adb05f6271211f46a0126000",
    "checks": [
      "Production reaches a real SOURCE_BYTES_REQUIRED blocker with the exact missing authorized source id.",
      "Job route resolves the FIRMES shell with burgundy as the primary accent.",
      "Blocked job keeps FIRMES identity while presenting one simple recovery action and hiding technical detail by default.",
      "CTA lands on the exact missing source card, preserving FIRMES V2 context.",
      "Uploading the exact authorized bytes resumes the same Graph and freezes the source SHA into the job snapshot.",
      "Resumed FIRMES job remains usable on a 390px mobile viewport with a four-step user journey and no horizontal overflow.",
      "prefers-reduced-motion disables continuous FIRMES Gooey animation on branded workspace pages."
    ]
  },
  "evidence_directory": "/tmp/media-factory-v2-source-TTjOnw"
}
