{
  "candidate_sha": "f21a08da32e4803b5aa93bab3e40a895cefbfde2",
  "configured_health_release_sha": "f21a08da32e4803b5aa93bab3e40a895cefbfde2",
  "working_tree_dirty": false,
  "build_id": "wDw072mN6bjTCFZWtd4y2",
  "runtime_package": {
    "format": "media-factory-runtime.v1",
    "files": 1482,
    "manifest_sha256": "d34d160c7c14226514ced7170cae6a7421da493314665d35eb10fb86505bc040",
    "build_id": "wDw072mN6bjTCFZWtd4y2",
    "forbidden_entries": 0,
    "external_symlinks": 0
  },
  "production_source_sha256": "65658c396987d744ded37d8769a1cbecebc53c478550d23d61aba32dcc6ef766",
  "test_only": true,
  "temporary_storage": true,
  "elapsed_ms": 23195,
  "result": {
    "status": "PASS",
    "checks": [
      "exact health identity",
      "packaged authenticated service readiness and pinned Graph",
      "anonymous API denied",
      "public discovery endpoints exclude private resources and preview indexing",
      "unknown route returns semantic custom 404 without authentication or reflected identifiers",
      "public login metadata, trusted canonical and generated 1200x630 social image",
      "FIRMES Caballito favicon and app icons are publicly discoverable and byte-exact",
      "original hero loads actual bundled image bytes with descriptive alternative text",
      "hero motion pauses on demand, reduced motion and simulated hidden-document visibility",
      "mobile hero and accessible sign-in remain ordered with no horizontal overflow",
      "blank municipality plus Enter cannot create a session or navigate into Antigua",
      "Google sign-in is truthfully hidden when the departmental OAuth client is not configured; login availability is server-rendered and does not depend on an anonymous private API call",
      "new user receives a persistent first-run guide before the honest empty dashboard",
      "private dashboard has generic page title and no indexing or canonical identity",
      "quick create without tenants offers only workspace onboarding",
      "owner can persist encrypted Google departmental access from Team; local HTTP verification correctly keeps OAuth unavailable until HTTPS",
      "tenant owner can prepare a simple invitation for municipal coordination without creating a password",
      "single-operator preview visibly allows the owner to continue without pretending the review is independent",
      "review stays decision-first while Audio Finishing lives only inside Studio and keeps deterministic controls",
      "single-brand create menu goes directly to creation modes without a redundant brand submenu",
      "workspace onboarding and authority-separated sources",
      "reference proof upload and end-user creative style",
      "explicit tenant mascot source binding",
      "running production lands in a joyful truthful creation room with a visible video destination, verified-stage percentage and non-overlapping desktop utility row",
      "provider telemetry is shown separately from Graph verified progress and never fabricates a render percentage",
      "paid provider execution requires a distinct exact-scope human spend approval before submission",
      "Guided continue auto-saves before preview and still requires explicit approval",
      "exact four-video natural-language request strategies",
      "asynchronous real pinned Graph reaches creative human gate",
      "SSE progression and visibly marked deterministic provider fixture",
      "hash-bound release and authenticated downloadable artifact",
      "authenticated video byte ranges and browser preview seeking",
      "released version visibly shows approved hashes, reviewer and actual provider provenance",
      "release library",
      "release library details and actual browser download match approved master hash",
      "mobile release details and hash provenance fit the 390px viewport",
      "tenant switching keeps plans separate",
      "responsive mobile navigation and no horizontal overflow",
      "quick create keyboard submenu and Escape restore focus",
      "quick create keyboard selection navigates to the existing tenant simple creation flow",
      "safe diagonal pointer path preserves the intended submenu across sibling rows",
      "touch opens a submenu and navigates without hover or horizontal overflow",
      "real request loading retains accessible status and pauses decorative orb for reduced motion and simulated hidden visibility",
      "no uncaught browser errors"
    ],
    "job_id": "mf_b45ba6728eff1e8b614ce4eca2974caf",
    "release_candidate_sha": "e548f0b61c0c37a127df92dda84e3a52217b3deee657b9a74846d92536cce3ed",
    "artifact_sha256": "0fe5ea45fda5a9cadb8ce1e623c0db288ca849b1d53415539fd8aa4d682c9af1",
    "download_sha256": "0fe5ea45fda5a9cadb8ce1e623c0db288ca849b1d53415539fd8aa4d682c9af1",
    "release_id": "release_583cd12402ced417a3948434",
    "provider": "deterministic-test",
    "media_responses": [
      {
        "status": 206,
        "range": "bytes=0-",
        "content_range": "bytes 0-2300/2301"
      }
    ],
    "seeking": {
      "duration": 1,
      "target": 0.5,
      "current_time": 0.5,
      "ready_state": 4,
      "error": null
    }
  },
  "evidence_directory": "/tmp/media-factory-browser-e2e-fknkgq"
}
