TAP version 13
# Subtest: production arbitrary creative repair remains manual and never silently rerenders
ok 1 - production arbitrary creative repair remains manual and never silently rerenders
  ---
  duration_ms: 2048.714668
  type: 'test'
  ...
# Subtest: critic request to add the FIRMES caballito is executed on the same job instead of entering the manual blocker
ok 2 - critic request to add the FIRMES caballito is executed on the same job instead of entering the manual blocker
  ---
  duration_ms: 7792.246921
  type: 'test'
  ...
# Subtest: legacy manual blocker for the exact Caballito request can be upgraded and applied on the same job
ok 3 - legacy manual blocker for the exact Caballito request can be upgraded and applied on the same job
  ---
  duration_ms: 7891.151671
  type: 'test'
  ...
# Subtest: negated mascot add language is not silently treated as an executable add request
ok 4 - negated mascot add language is not silently treated as an executable add request
  ---
  duration_ms: 3883.400627
  type: 'test'
  ...
1..4
# tests 4
# suites 0
# pass 4
# fail 0
# cancelled 0
# skipped 0
# todo 0
# duration_ms 21870.822927
