[v11] runtime-ready http://127.0.0.1:43851
[v11] register-start
[v11] registered-pending
[v11] pending-denied
[v11] owner-login-ok
[v11] admin-approved
[v11] wrong-municipality-denied
[v11] dpi-login-ok
{
  "status": "PASS",
  "runtime_package": {
    "format": "media-factory-runtime.v1",
    "files": 1481,
    "manifest_sha256": "df11bd1db3dd1ef4b444adaa95508db41f7fbec6926ef15e8c961a2242702980",
    "build_id": "WNN9ngYLT2kQzELC2lSqL",
    "forbidden_entries": 0,
    "external_symlinks": 0
  },
  "evidence_directory": "/tmp/media-v11-browser-OQpYvB",
  "checks": [
    "registration remains pending",
    "pending login denied",
    "owner approves inside requested municipality",
    "full DPI absent from UI/API",
    "wrong municipality denied",
    "DPI login succeeds after approval",
    "approved editor membership returned"
  ]
}
