$ node scripts/test-firmes-completion-e2e.mjs
{
  "candidate_sha": null,
  "working_tree_dirty": true,
  "production_source_sha256": "c8aa9fa5521b141daeb239b9f69abeb820307f77af9bd02a94fd4030cff8bd52",
  "build_id": "mWVwPZ7yptl_KlAnxhYKl",
  "runtime_package": {
    "format": "media-factory-runtime.v1",
    "files": 1453,
    "manifest_sha256": "c6d2e932a6d8d6a13f7439ed0b7ffb80dee9c5643fd0fc5cb063f0e0c7110b9b",
    "build_id": "mWVwPZ7yptl_KlAnxhYKl",
    "forbidden_entries": 0,
    "external_symlinks": 0
  },
  "test_mode": false,
  "deployment_class": "controlled_single_operator_preview",
  "source_fixture_sha256": "c1504301d3615a1a577a7fe0406ec6509de2bbe0adb05f6271211f46a0126000",
  "generated_media": {
    "sha256": "fb04b3a78dd794b2b7974e41c955f5014e76492090fa98f2538f5aafc931de66",
    "width": 1080,
    "height": 1920,
    "duration_seconds": 8
  },
  "elapsed_ms": 29876,
  "result": {
    "status": "PASS",
    "job_id": "mf_a2053d73678eb563478ca54c91e70fff",
    "release_id": "release_73b0c4f3c559606bdfaba642",
    "artifact_sha256": "fb04b3a78dd794b2b7974e41c955f5014e76492090fa98f2538f5aafc931de66",
    "source_sha256": "c1504301d3615a1a577a7fe0406ec6509de2bbe0adb05f6271211f46a0126000",
    "brand_asset_sha256": "b17c55ffb0eec46bfa719128ee68a9f18475c45afb90d6d73ce9d82567938397",
    "checks": [
      "Dashboard is tenant-scoped FIRMES with burgundy/gold tokens and the authorized caballito visible.",
      "The real workflow fails closed for missing authorized source bytes while preserving FIRMES identity.",
      "Exact authorized bytes resume the same job and are frozen into the Graph source snapshot.",
      "A non-test MP4 is produced by the local zero-credit adapter with immutable caballito provenance before independent critique.",
      "Unsupported creative feedback now exposes an exact same-job decision surface; withdrawing it resumes production without claiming the edit was applied or looping through /review.",
      "A separate authenticated critic approved the exact hash-bound candidate.",
      "A third authenticated identity independently verified the unchanged artifact candidate.",
      "Final owner release preserves the exact artifact/provenance snapshot and performs no automatic social publication."
    ]
  },
  "evidence_directory": "/tmp/media-factory-firmes-completion-vuMDz4"
}
