[v11] runtime-ready http://127.0.0.1:37111
[v11] register-start
[v11] registered-pending
[v11] pending-denied
[v11] owner-login-ok
[v11] admin-approved
[v11] wrong-municipality-denied
[v11] dpi-login-ok
{
  "status": "PASS",
  "runtime_package": {
    "format": "media-factory-runtime.v1",
    "files": 1481,
    "manifest_sha256": "e178b1182ce63019ffa3535eb10a62e2955f908ca8e826d5bfb6ce725b224799",
    "build_id": "cVlY1q04_qh2y5nVIi9nK",
    "forbidden_entries": 0,
    "external_symlinks": 0
  },
  "evidence_directory": "/tmp/media-v11-browser-w0fKbG",
  "checks": [
    "registration remains pending",
    "pending login denied",
    "owner approves inside requested municipality",
    "full DPI absent from UI/API",
    "wrong municipality denied",
    "DPI login succeeds after approval",
    "approved editor membership returned"
  ]
}
