TAP version 13
# Subtest: story editor presents the default brand avatar as one atomic visual character decision
ok 1 - story editor presents the default brand avatar as one atomic visual character decision
  ---
  duration_ms: 5.874916
  type: 'test'
  ...
# Subtest: creative review uses compact human summary and leaves raw candidate data behind a disclosure
ok 2 - creative review uses compact human summary and leaves raw candidate data behind a disclosure
  ---
  duration_ms: 4.409042
  type: 'test'
  ...
# Subtest: human review asks for a decision before exposing the change composer
ok 3 - human review asks for a decision before exposing the change composer
  ---
  duration_ms: 6.040041
  type: 'test'
  ...
# Subtest: V6 responsive styles support avatar cards, compact summary and progressive review
ok 4 - V6 responsive styles support avatar cards, compact summary and progressive review
  ---
  duration_ms: 4.48775
  type: 'test'
  ...
1..4
# tests 4
# suites 0
# pass 4
# fail 0
# cancelled 0
# skipped 0
# todo 0
# duration_ms 91.13925
