--- trusted authority ---
public_key_sha256=b61542031a4c61e9ccc270aac3ee2adb464508012d0b979eb40575da43d13e9e
finalizer_sha256=edff9a10ef314ca38473af0e741aa7121611764c90626ae2e2cf7f69c785fb82
discoverable_private_derived_public_sha256=eef80f5fd016b7deb7a2f31710ea3b1b814cfb12e6e2e9c90b2ab84febbaa173
--- canonical finalizer mismatch probe (temporary output only) ---
finalizer_exit=2
usage: critic_finalizer.py [-h] --sha SHA --risk-raw RISK_RAW --rubric-raw
                           RUBRIC_RAW --private-key PRIVATE_KEY --public-key
                           PUBLIC_KEY --output-root OUTPUT_ROOT
critic_finalizer.py: error: private/public key mismatch
--- historical trusted receipt verification ---
Verified OK
--- shared trust-root consumers ---
consumer_count=2
consumer=campaignos|d67489904a3e35352b952f7b35848632eecf5b94|active
consumer=media-factory|c4d5d47db4c4c23244785cf7a16b9c2c8de0a9e7|active
--- public old release health ---
http_code=401
--- registry desired/current release ---
desired_release_sha=c4d5d47db4c4c23244785cf7a16b9c2c8de0a9e7
last_commit=c4d5d47db4c4c23244785cf7a16b9c2c8de0a9e7
reconciliation_state=converged
last_result=DEPLOYED_CONTROLLED_SINGLE_OPERATOR_PREVIEW
public_health=PASS_HTTP_200
process_recovery=PASS
last_error=None
