test_defaults_preserve_existing_caddy_output_byte_for_byte (test_public_discovery.DiscoveryTests.test_defaults_preserve_existing_caddy_output_byte_for_byte) ... ok
test_exact_ordered_paths_and_no_default_opt_in (test_public_discovery.DiscoveryTests.test_exact_ordered_paths_and_no_default_opt_in) ... ok
test_no_wildcards_private_routes_queries_path_traversal_or_duplicates (test_public_discovery.DiscoveryTests.test_no_wildcards_private_routes_queries_path_traversal_or_duplicates) ... ok
test_non_product_and_non_form_policies_cannot_opt_in (test_public_discovery.DiscoveryTests.test_non_product_and_non_form_policies_cannot_opt_in) ... ok
test_only_entrypoint_get_head_expands_and_auth_gates_remain (test_public_discovery.DiscoveryTests.test_only_entrypoint_get_head_expands_and_auth_gates_remain) ... ok
test_validate_product_rejects_unsupported_public_field_before_release_work (test_public_discovery.DiscoveryTests.test_validate_product_rejects_unsupported_public_field_before_release_work) ... ok
test_all_326_allowlist_permutations_are_canonical (test_adversarial.IndependentTests.test_all_326_allowlist_permutations_are_canonical) ... ok
test_block_collision_stays_first_and_legacy_blocks_are_identical (test_adversarial.IndependentTests.test_block_collision_stays_first_and_legacy_blocks_are_identical) ... ok
test_canonical_original_hashes_and_exact_zero_fuzz_patch (test_adversarial.IndependentTests.test_canonical_original_hashes_and_exact_zero_fuzz_patch) ... ok
test_default_cli_request_matches_old_state_except_empty_new_field (test_adversarial.IndependentTests.test_default_cli_request_matches_old_state_except_empty_new_field) ... ok
test_invalid_public_input_does_not_mutate_or_save_registry (test_adversarial.IndependentTests.test_invalid_public_input_does_not_mutate_or_save_registry) ... ok
test_malformed_types_and_encoded_or_collision_paths_fail_closed (test_adversarial.IndependentTests.test_malformed_types_and_encoded_or_collision_paths_fail_closed) ... ok
test_omitting_optin_closes_prior_public_paths_on_next_desired_request (test_adversarial.IndependentTests.test_omitting_optin_closes_prior_public_paths_on_next_desired_request) ... ok
test_unknown_keys_policies_never_enable_discovery (test_adversarial.IndependentTests.test_unknown_keys_policies_never_enable_discovery) ... ok
test_cli_host_guard_rejects_linux_and_wrong_real_user (test_promote.PromotionTests.test_cli_host_guard_rejects_linux_and_wrong_real_user) ... ok
test_directory_symlink_and_wrong_uid_rejected (test_promote.PromotionTests.test_directory_symlink_and_wrong_uid_rejected) ... ok
test_each_existing_lock_contention_fails_without_waiting (test_promote.PromotionTests.test_each_existing_lock_contention_fails_without_waiting) ... ok
test_every_target_drift_is_rejected_without_backup_or_replacement (test_promote.PromotionTests.test_every_target_drift_is_rejected_without_backup_or_replacement) ... ok
test_failure_after_first_and_second_replace_rolls_all_bytes_back (test_promote.PromotionTests.test_failure_after_first_and_second_replace_rolls_all_bytes_back) ... ok
test_mutated_payload_and_manifest_target_fail_before_writes (test_promote.PromotionTests.test_mutated_payload_and_manifest_target_fail_before_writes) ... ok
test_process_crash_journal_supports_explicit_recovery (test_promote.PromotionTests.test_process_crash_journal_supports_explicit_recovery) ... ok
test_read_only_default_and_mode_preserving_apply_then_rollback (test_promote.PromotionTests.test_read_only_default_and_mode_preserving_apply_then_rollback) ... ok
test_readonly_lock_mode_supported (test_promote.PromotionTests.test_readonly_lock_mode_supported) ... ok
test_review_digest_refuses_coordinated_patch_and_manifest_change (test_promote.PromotionTests.test_review_digest_refuses_coordinated_patch_and_manifest_change) ... ok
test_rollback_refuses_registry_opt_in_before_any_mutation (test_promote.PromotionTests.test_rollback_refuses_registry_opt_in_before_any_mutation) ... ok
test_rollback_refuses_tampered_backup_or_current_drift (test_promote.PromotionTests.test_rollback_refuses_tampered_backup_or_current_drift) ... ok
test_swapped_parent_directory_identity_prevents_rollback_writes (test_promote.PromotionTests.test_swapped_parent_directory_identity_prevents_rollback_writes) ... ok
test_swapped_parent_symlink_cannot_write_external_target (test_promote.PromotionTests.test_swapped_parent_symlink_cannot_write_external_target) ... ok
test_target_and_lock_symlinks_fail_closed (test_promote.PromotionTests.test_target_and_lock_symlinks_fail_closed) ... ok
test_changed_parent_never_receives_later_write_or_false_rollback_success (test_promotion_adversarial.PromotionAdversarialTests.test_changed_parent_never_receives_later_write_or_false_rollback_success) ... ok
test_changed_payload_plus_matching_manifest_is_not_review_authority (test_promotion_adversarial.PromotionAdversarialTests.test_changed_payload_plus_matching_manifest_is_not_review_authority) ... ok

----------------------------------------------------------------------
Ran 31 tests in 0.474s

OK
