TAP version 13
# Subtest: audio finishing preserves picture lock, creates a fresh master, and returns the same job to Critic
ok 1 - audio finishing preserves picture lock, creates a fresh master, and returns the same job to Critic
  ---
  duration_ms: 6142.139002
  type: 'test'
  ...
# Subtest: a later visual repair invalidates the prior audio master but keeps the uploaded soundtrack available
ok 2 - a later visual repair invalidates the prior audio master but keeps the uploaded soundtrack available
  ---
  duration_ms: 7530.088587
  type: 'test'
  ...
# Subtest: audio finishing requires explicit outro timecodes and an uploaded soundtrack; reviewers cannot mutate the master
ok 3 - audio finishing requires explicit outro timecodes and an uploaded soundtrack; reviewers cannot mutate the master
  ---
  duration_ms: 5244.409335
  type: 'test'
  ...
1..3
# tests 3
# suites 0
# pass 3
# fail 0
# cancelled 0
# skipped 0
# todo 0
# duration_ms 19001.526633
