✓ Lockfile passes supply-chain policies (verified 1d ago)
Lockfile is up to date, resolution step is skipped
Progress: resolved 1, reused 0, downloaded 0, added 0
Packages: +76
++++++++++++++++++++++++++++++++++++++++++++++++++++++++++++++++++++++++++++
Progress: resolved 76, reused 75, downloaded 0, added 52
Progress: resolved 76, reused 75, downloaded 0, added 75
Progress: resolved 76, reused 76, downloaded 0, added 75
Progress: resolved 76, reused 76, downloaded 0, added 76
Progress: resolved 76, reused 76, downloaded 0, added 76, done

dependencies:
+ @radix-ui/react-dropdown-menu 2.1.24
+ ajv 8.20.0
+ ajv-formats 3.0.1
+ next 16.3.5
+ react 19.3.0
+ react-dom 19.3.0
+ thinking-orbs 0.3.1

devDependencies:
+ @playwright/test 1.58.2
+ @types/node 22.19.1
+ @types/react 19.2.7
+ @types/react-dom 19.2.3
+ typescript 5.9.3

Done in 5.3s using pnpm v11.7.0
