$ node scripts/test-e2e.mjs
{
  "candidate_sha": null,
  "configured_health_release_sha": "d2171a58239e9a6d10dab2e9f50a4974b0c0ffac",
  "working_tree_dirty": true,
  "build_id": "Xq78eUEPdAnPx1GMWAQI3",
  "runtime_package": {
    "format": "media-factory-runtime.v1",
    "files": 1481,
    "manifest_sha256": "b45b8b407607bf133d5765ec0d7057e15943728dd637e228ef3056b0541ed3fe",
    "build_id": "Xq78eUEPdAnPx1GMWAQI3",
    "forbidden_entries": 0,
    "external_symlinks": 0
  },
  "production_source_sha256": "f3d682a926d23c41a1ab6a194ce66272af452bd86d025e390329d7c2271d5c5f",
  "test_only": true,
  "temporary_storage": true,
  "elapsed_ms": 38851,
  "result": {
    "status": "PASS",
    "checks": [
      "exact health identity",
      "packaged authenticated service readiness and pinned Graph",
      "anonymous API denied",
      "public discovery endpoints exclude private resources and preview indexing",
      "unknown route returns semantic custom 404 without authentication or reflected identifiers",
      "public login metadata, trusted canonical and generated 1200x630 social image",
      "FIRMES Caballito favicon and app icons are publicly discoverable and byte-exact",
      "original hero loads actual bundled image bytes with descriptive alternative text",
      "hero motion pauses on demand, reduced motion and simulated hidden-document visibility",
      "mobile hero and accessible sign-in remain ordered with no horizontal overflow",
      "login and honest empty dashboard",
      "private dashboard has generic page title and no indexing or canonical identity",
      "quick create without tenants offers only workspace onboarding",
      "workspace onboarding and authority-separated sources",
      "reference proof upload and Content DNA",
      "explicit tenant mascot source binding",
      "Guided draft through shared contracts without approval side effects",
      "exact four-video natural-language request strategies",
      "asynchronous real pinned Graph reaches creative human gate",
      "SSE progression and visibly marked deterministic provider fixture",
      "hash-bound release and authenticated downloadable artifact",
      "authenticated video byte ranges and browser preview seeking",
      "released version visibly shows approved hashes, reviewer and actual provider provenance",
      "release library",
      "release library details and actual browser download match approved master hash",
      "mobile release details and hash provenance fit the 390px viewport",
      "tenant switching keeps plans separate",
      "responsive mobile navigation and no horizontal overflow",
      "quick create keyboard submenu and Escape restore focus",
      "quick create keyboard selection navigates to the existing tenant Free Mode",
      "safe diagonal pointer path preserves the intended submenu across sibling rows",
      "touch opens a submenu and navigates without hover or horizontal overflow",
      "real request loading retains accessible status and pauses decorative orb for reduced motion and simulated hidden visibility",
      "no uncaught browser errors"
    ],
    "job_id": "mf_6e8d922c9c3d0336fc3bdbe2199ceab1",
    "release_candidate_sha": "8260696e1a02e593abd9f8aea705f3d4a68551f7374b51a5c2e3fd5ecb01559c",
    "artifact_sha256": "0fe5ea45fda5a9cadb8ce1e623c0db288ca849b1d53415539fd8aa4d682c9af1",
    "download_sha256": "0fe5ea45fda5a9cadb8ce1e623c0db288ca849b1d53415539fd8aa4d682c9af1",
    "release_id": "release_b1244cc7e476b97ecb026460",
    "provider": "deterministic-test",
    "media_responses": [
      {
        "status": 206,
        "range": "bytes=0-",
        "content_range": "bytes 0-2300/2301"
      }
    ],
    "seeking": {
      "duration": 1,
      "target": 0.5,
      "current_time": 0.5,
      "ready_state": 4,
      "error": null
    }
  },
  "evidence_directory": "/tmp/media-factory-browser-e2e-OFYBmU"
}
