$ pnpm run test && pnpm run validate:examples
$ node --test tests/*.test.mjs
TAP version 13
# Subtest: requires fail-closed read-only policy
ok 1 - requires fail-closed read-only policy
  ---
  duration_ms: 0.569583
  type: 'test'
  ...
# Subtest: authorizes only the explicit source scope
ok 2 - authorizes only the explicit source scope
  ---
  duration_ms: 0.316916
  type: 'test'
  ...
# Subtest: rejects browser mutation and credential-bearing locators
ok 3 - rejects browser mutation and credential-bearing locators
  ---
  duration_ms: 0.900375
  type: 'test'
  ...
# Subtest: sanitizes observations to bounded public evidence fields
ok 4 - sanitizes observations to bounded public evidence fields
  ---
  duration_ms: 1.186042
  type: 'test'
  ...
# Subtest: registers mediaBrowserPolicy through Cordis provide
ok 5 - registers mediaBrowserPolicy through Cordis provide
  ---
  duration_ms: 0.087459
  type: 'test'
  ...
# Subtest: configuration may narrow but never widen the read-only allowlist
ok 6 - configuration may narrow but never widen the read-only allowlist
  ---
  duration_ms: 0.070916
  type: 'test'
  ...
# Subtest: prefix authorization is path-bounded and sensitive locators are rejected
ok 7 - prefix authorization is path-bounded and sensitive locators are rejected
  ---
  duration_ms: 0.304125
  type: 'test'
  ...
# Subtest: fails closed without runtime, pin, or absolute executables
ok 8 - fails closed without runtime, pin, or absolute executables
  ---
  duration_ms: 0.720083
  type: 'test'
  ...
# Subtest: rejects lexical graph path escape before graph command execution
ok 9 - rejects lexical graph path escape before graph command execution
  ---
  duration_ms: 0.328458
  type: 'test'
  ...
# Subtest: rejects canonical symlink escape from projectRoot
ok 10 - rejects canonical symlink escape from projectRoot
  ---
  duration_ms: 5.171125
  type: 'test'
  ...
# Subtest: rejects an events symlink even when its current target is missing
ok 11 - rejects an events symlink even when its current target is missing
  ---
  duration_ms: 1.162208
  type: 'test'
  ...
# Subtest: registers ctx.mediaGraph using Cordis provide()
ok 12 - registers ctx.mediaGraph using Cordis provide()
  ---
  duration_ms: 0.206875
  type: 'test'
  ...
# Subtest: uses argv flag=value framing and optimistic concurrency without a shell
ok 13 - uses argv flag=value framing and optimistic concurrency without a shell
  ---
  duration_ms: 2.225792
  type: 'test'
  ...
# Subtest: omits --evidence when a non-passing gate has no evidence ids
ok 14 - omits --evidence when a non-passing gate has no evidence ids
  ---
  duration_ms: 1.53525
  type: 'test'
  ...
# Subtest: sanitizes git and python environments
ok 15 - sanitizes git and python environments
  ---
  duration_ms: 1.973291
  type: 'test'
  ...
# Subtest: rejects a drifted Graph Harness runtime revision
ok 16 - rejects a drifted Graph Harness runtime revision
  ---
  duration_ms: 0.557417
  type: 'test'
  ...
# Subtest: integration: real Graph Harness exposes BRIEF flow and SOURCE readiness
ok 17 - integration: real Graph Harness exposes BRIEF flow and SOURCE readiness
  ---
  duration_ms: 478.791583
  type: 'test'
  ...
# Subtest: reference observation keeps provenance separate from source copy
ok 18 - reference observation keeps provenance separate from source copy
  ---
  duration_ms: 3.492
  type: 'test'
  ...
# Subtest: content DNA contains abstractions but not reference bytes or locators
ok 19 - content DNA contains abstractions but not reference bytes or locators
  ---
  duration_ms: 2.023625
  type: 'test'
  ...
# Subtest: content DNA provenance references a structured observation from the same tenant
ok 20 - content DNA provenance references a structured observation from the same tenant
  ---
  duration_ms: 1.35525
  type: 'test'
  ...
# Subtest: schemas fail closed on undeclared fields
ok 21 - schemas fail closed on undeclared fields
  ---
  duration_ms: 1.882666
  type: 'test'
  ...
# Subtest: story devices use a controlled abstraction vocabulary
ok 22 - story devices use a controlled abstraction vocabulary
  ---
  duration_ms: 0.652833
  type: 'test'
  ...
# Subtest: accepts the canonical safe Seedance 2.5 policy
ok 23 - accepts the canonical safe Seedance 2.5 policy
  ---
  duration_ms: 0.615209
  type: 'test'
  ...
# Subtest: rejects credit spend without a human gate
ok 24 - rejects credit spend without a human gate
  ---
  duration_ms: 0.169875
  type: 'test'
  ...
# Subtest: rejects synthetic factual-event reconstruction
ok 25 - rejects synthetic factual-event reconstruction
  ---
  duration_ms: 0.06
  type: 'test'
  ...
# Subtest: rejects undeclared synthetic use classes
ok 26 - rejects undeclared synthetic use classes
  ---
  duration_ms: 0.071667
  type: 'test'
  ...
# Subtest: accepts a reusable general-audience tenant profile
ok 27 - accepts a reusable general-audience tenant profile
  ---
  duration_ms: 1.819208
  type: 'test'
  ...
# Subtest: rejects raw credentials and browser session material at any depth
ok 28 - rejects raw credentials and browser session material at any depth
  ---
  duration_ms: 0.357375
  type: 'test'
  ...
# Subtest: browser context references are opaque and tenant-owned
ok 29 - browser context references are opaque and tenant-owned
  ---
  duration_ms: 0.247667
  type: 'test'
  ...
# Subtest: runtime namespaces and tenant IDs cannot collide
ok 30 - runtime namespaces and tenant IDs cannot collide
  ---
  duration_ms: 0.369917
  type: 'test'
  ...
# Subtest: public-affairs profiles remain general-audience and cannot enable voter microtargeting
ok 31 - public-affairs profiles remain general-audience and cannot enable voter microtargeting
  ---
  duration_ms: 0.211084
  type: 'test'
  ...
# Subtest: source authorization is explicit, unique, and secret-free
ok 32 - source authorization is explicit, unique, and secret-free
  ---
  duration_ms: 0.381125
  type: 'test'
  ...
# Subtest: production defaults require an ascending positive duration range
ok 33 - production defaults require an ascending positive duration range
  ---
  duration_ms: 0.113042
  type: 'test'
  ...
# Subtest: registers tenant service through Cordis provide
ok 34 - registers tenant service through Cordis provide
  ---
  duration_ms: 0.099167
  type: 'test'
  ...
# Subtest: authorization is semantic only inside a declared source record
ok 35 - authorization is semantic only inside a declared source record
  ---
  duration_ms: 0.313209
  type: 'test'
  ...
# Subtest: two distinct tenants can safely share the reusable engine
ok 36 - two distinct tenants can safely share the reusable engine
  ---
  duration_ms: 0.934583
  type: 'test'
  ...
# Subtest: builds a weekly video-production plan from tenant + DNA + approved stories
ok 37 - builds a weekly video-production plan from tenant + DNA + approved stories
  ---
  duration_ms: 7.933458
  type: 'test'
  ...
# Subtest: production jobs cannot treat a reference-only source as production media
ok 38 - production jobs cannot treat a reference-only source as production media
  ---
  duration_ms: 2.16
  type: 'test'
  ...
# Subtest: rejects unknown sources and story devices outside Content DNA
ok 39 - rejects unknown sources and story devices outside Content DNA
  ---
  duration_ms: 1.430042
  type: 'test'
  ...
# Subtest: rejects unapproved stories and undeclared story fields
ok 40 - rejects unapproved stories and undeclared story fields
  ---
  duration_ms: 1.020334
  type: 'test'
  ...
# Subtest: rejects cross-tenant DNA and copying-policy drift
ok 41 - rejects cross-tenant DNA and copying-policy drift
  ---
  duration_ms: 1.885917
  type: 'test'
  ...
# Subtest: rejects invalid dates, duplicate job ids, and duplicate source ids
ok 42 - rejects invalid dates, duplicate job ids, and duplicate source ids
  ---
  duration_ms: 2.158333
  type: 'test'
  ...
# Subtest: source snapshot contains only production sources actually used by the weekly jobs
ok 43 - source snapshot contains only production sources actually used by the weekly jobs
  ---
  duration_ms: 1.668667
  type: 'test'
  ...
# Subtest: registers weekly factory through Cordis provide
ok 44 - registers weekly factory through Cordis provide
  ---
  duration_ms: 0.121708
  type: 'test'
  ...
# Subtest: weekly planner requires weekly cadence, Monday boundary, and unique DNA references
ok 45 - weekly planner requires weekly cadence, Monday boundary, and unique DNA references
  ---
  duration_ms: 1.599417
  type: 'test'
  ...
# Subtest: actual pinned Graph runs to hash-bound treatment and release; fixture evidence stays test-labeled
ok 46 - actual pinned Graph runs to hash-bound treatment and release; fixture evidence stays test-labeled
  ---
  duration_ms: 6219.33892
  type: 'test'
  ...
# Subtest: cross-tenant actions and artifacts fail before data access; viewers cannot approve
ok 47 - cross-tenant actions and artifacts fail before data access; viewers cannot approve
  ---
  duration_ms: 3424.419419
  type: 'test'
  ...
# Subtest: localized repair invalidates candidate and descendants while preserving ingested upstream
ok 48 - localized repair invalidates candidate and descendants while preserving ingested upstream
  ---
  duration_ms: 4286.787419
  type: 'test'
  ...
# Subtest: source authorization and DNA changes invalidate human approval
ok 49 - source authorization and DNA changes invalidate human approval
  ---
  duration_ms: 3205.735168
  type: 'test'
  ...
# Subtest: restart recovery and double start preserve one Graph history
ok 50 - restart recovery and double start preserve one Graph history
  ---
  duration_ms: 1956.914042
  type: 'test'
  ...
# Subtest: production missing source bytes is blocked in actual Graph, no fixture adapter exposed
ok 51 - production missing source bytes is blocked in actual Graph, no fixture adapter exposed
  ---
  duration_ms: 936.425126
  type: 'test'
  ...
# Subtest: media inspection rejects playlists and local or network indirection before ffprobe
ok 52 - media inspection rejects playlists and local or network indirection before ffprobe
  ---
  duration_ms: 5.662083
  type: 'test'
  ...
# Subtest: provider failure remains a blocker and cannot create release evidence
ok 53 - provider failure remains a blocker and cannot create release evidence
  ---
  duration_ms: 2719.141126
  type: 'test'
  ...
# Subtest: real footage adapter preserves all selected sources, target dimensions, and ambient audio
ok 54 - real footage adapter preserves all selected sources, target dimensions, and ambient audio
  ---
  duration_ms: 678.039251
  type: 'test'
  ...
# Subtest: production uploaded media binds creative candidate, separate real reviewers, and final release
ok 55 - production uploaded media binds creative candidate, separate real reviewers, and final release
  ---
  duration_ms: 6995.158629
  type: 'test'
  ...
# Subtest: same fixture bytes after localized media repair receive a fresh candidate scope
ok 56 - same fixture bytes after localized media repair receive a fresh candidate scope
  ---
  duration_ms: 8168.096587
  type: 'test'
  ...
# Subtest: approval intent survives a crash after Graph approval and resumes without a second decision
ok 57 - approval intent survives a crash after Graph approval and resumes without a second decision
  ---
  duration_ms: 5226.209836
  type: 'test'
  ...
# Subtest: production arbitrary creative repair remains manual and never silently rerenders
ok 58 - production arbitrary creative repair remains manual and never silently rerenders
  ---
  duration_ms: 1931.753293
  type: 'test'
  ...
# Subtest: stable artifact candidate is shared by verifier and release, with stage replay rejected
ok 59 - stable artifact candidate is shared by verifier and release, with stage replay rejected
  ---
  duration_ms: 5163.110919
  type: 'test'
  ...
# Subtest: mascot request fails closed rather than exporting ordinary footage as the character
ok 60 - mascot request fails closed rather than exporting ordinary footage as the character
  ---
  duration_ms: 1237.831043
  type: 'test'
  ...
# Subtest: actual adapter paid capability or nonzero estimate is blocked before generate
ok 61 - actual adapter paid capability or nonzero estimate is blocked before generate
  ---
  duration_ms: 2709.392085
  type: 'test'
  ...
# Subtest: repair intent survives a crash after Graph invalidation without duplicating repair plans
ok 62 - repair intent survives a crash after Graph invalidation without duplicating repair plans
  ---
  duration_ms: 2919.804085
  type: 'test'
  ...
# Subtest: kernel job lease excludes concurrent workers and ignores obsolete dead reclaim files
ok 63 - kernel job lease excludes concurrent workers and ignores obsolete dead reclaim files
  ---
  duration_ms: 18.807166
  type: 'test'
  ...
# Subtest: rejection intent survives a crash after blocking Graph and becomes terminal on recovery
ok 64 - rejection intent survives a crash after blocking Graph and becomes terminal on recovery
  ---
  duration_ms: 2029.466834
  type: 'test'
  ...
# Subtest: existing host login, forward auth, exact workspace probe, logout and revocation share product session
ok 65 - existing host login, forward auth, exact workspace probe, logout and revocation share product session
  ---
  duration_ms: 93.906167
  type: 'test'
  ...
# Subtest: operator provisioning uses interoperable private verifiers and preserves an existing identity
ok 66 - operator provisioning uses interoperable private verifiers and preserves an existing identity
  ---
  duration_ms: 122.761875
  type: 'test'
  ...
# Subtest: authentication preserves password bytes, revokes changed identity and starts without tenants
ok 67 - authentication preserves password bytes, revokes changed identity and starts without tenants
  ---
  duration_ms: 120.502125
  type: 'test'
  ...
# Subtest: tenant membership enforced for reads/writes and onboarding has no fake source
ok 68 - tenant membership enforced for reads/writes and onboarding has no fake source
  ---
  duration_ms: 109.2225
  type: 'test'
  ...
# Subtest: strict source/reference separation, provenance and secret validation
ok 69 - strict source/reference separation, provenance and secret validation
  ---
  duration_ms: 122.630875
  type: 'test'
  ...
# Subtest: private, browser and signed source locators are rejected
ok 70 - private, browser and signed source locators are rejected
  ---
  duration_ms: 0.697792
  type: 'test'
  ...
# Subtest: plans reject injected approval and produce same id under concurrent requests
ok 71 - plans reject injected approval and produce same id under concurrent requests
  ---
  duration_ms: 132.809333
  type: 'test'
  ...
# Subtest: source/DNA changes invalidate plans and idempotency includes strategy
ok 72 - source/DNA changes invalidate plans and idempotency includes strategy
  ---
  duration_ms: 88.878083
  type: 'test'
  ...
# Subtest: Free Mode exact mixed Spanish example becomes four unapproved concepts, no-AI remains real
ok 73 - Free Mode exact mixed Spanish example becomes four unapproved concepts, no-AI remains real
  ---
  duration_ms: 91.516291
  type: 'test'
  ...
# Subtest: targeted political or sensitive persuasion cannot enter plans/intent
ok 74 - targeted political or sensitive persuasion cannot enter plans/intent
  ---
  duration_ms: 95.986167
  type: 'test'
  ...
# Subtest: HTTP cookies, CSRF, malformed body, path traversal and safe errors
ok 75 - HTTP cookies, CSRF, malformed body, path traversal and safe errors
  ---
  duration_ms: 121.428042
  type: 'test'
  ...
# Subtest: repository serializes separate instances and rejects symlink state
ok 76 - repository serializes separate instances and rejects symlink state
  ---
  duration_ms: 29.154875
  type: 'test'
  ...
# Subtest: SSE rejects unauthorized reads and pushes durable state updates
ok 77 - SSE rejects unauthorized reads and pushes durable state updates
  ---
  duration_ms: 100.117791
  type: 'test'
  ...
# Subtest: HTTP rejects declared and streamed oversized JSON before parsing
ok 78 - HTTP rejects declared and streamed oversized JSON before parsing
  ---
  duration_ms: 77.941792
  type: 'test'
  ...
# Subtest: viewer cannot approve concepts and configured identity roles override persisted memberships
ok 79 - viewer cannot approve concepts and configured identity roles override persisted memberships
  ---
  duration_ms: 91.3245
  type: 'test'
  ...
# Subtest: reference DNA requires evidence bytes actually stored for the selected reference
ok 80 - reference DNA requires evidence bytes actually stored for the selected reference
  ---
  duration_ms: 92.570917
  type: 'test'
  ...
# Subtest: malformed durable state fails closed with controlled storage error
ok 81 - malformed durable state fails closed with controlled storage error
  ---
  duration_ms: 0.96625
  type: 'test'
  ...
# Subtest: ProductError identity remains stable across independently evaluated server bundles
ok 82 - ProductError identity remains stable across independently evaluated server bundles
  ---
  duration_ms: 0.672625
  type: 'test'
  ...
# Subtest: stored reference evidence tampering invalidates DNA analysis
ok 83 - stored reference evidence tampering invalidates DNA analysis
  ---
  duration_ms: 89.837667
  type: 'test'
  ...
# Subtest: mascot setup binds a selected production source and rejects a reference
ok 84 - mascot setup binds a selected production source and rejects a reference
  ---
  duration_ms: 88.250834
  type: 'test'
  ...
# Subtest: Free Mode respects indirect AI negations and explicit alternative distributions
ok 85 - Free Mode respects indirect AI negations and explicit alternative distributions
  ---
  duration_ms: 99.242917
  type: 'test'
  ...
# Subtest: login concurrency limit reserves capacity before awaiting identity loading
ok 86 - login concurrency limit reserves capacity before awaiting identity loading
  ---
  duration_ms: 117.529542
  type: 'test'
  ...
# Subtest: legacy planner contract rejection returns a controlled HTTP 400
ok 87 - legacy planner contract rejection returns a controlled HTTP 400
  ---
  duration_ms: 96.954834
  type: 'test'
  ...
# Subtest: browser exception call logs redact fixture passwords before reporting
ok 88 - browser exception call logs redact fixture passwords before reporting
  ---
  duration_ms: 0.328667
  type: 'test'
  ...
1..88
# tests 88
# suites 0
# pass 88
# fail 0
# cancelled 0
# skipped 0
# todo 0
# duration_ms 60150.839278
$ node scripts/validate-examples.mjs
{"valid":true,"files":13}
