TAP version 13
# Subtest: V4 guided flow auto-persists before preview and keeps approval explicit
ok 1 - V4 guided flow auto-persists before preview and keeps approval explicit
  ---
  duration_ms: 3.929583
  type: 'test'
  ...
# Subtest: V4 makes authorized media the primary review and dashboard surface
ok 2 - V4 makes authorized media the primary review and dashboard surface
  ---
  duration_ms: 1.999333
  type: 'test'
  ...
# Subtest: V4 liquid glass and 3D motion remain reduced-motion safe
ok 3 - V4 liquid glass and 3D motion remain reduced-motion safe
  ---
  duration_ms: 1.772833
  type: 'test'
  ...
1..3
# tests 3
# suites 0
# pass 3
# fail 0
# cancelled 0
# skipped 0
# todo 0
# duration_ms 55.826875
